The following certificate was selected:
    Issued to: EliteSoftwareTech Company - Zachary Whiteman

    Issued by: EliteSoftwareTech Company - Zachary Whiteman

    Expires:   Thu Jun 05 03:08:20 2036

    SHA1 hash: 11F5E401A611434F4F159D26CD1878426320FF6B


Done Adding Additional Store
Successfully signed: C:\Users\Administrator\Desktop\Elite-TaskBar\EliteTaskbar.exe


Number of files successfully Signed: 1

Number of warnings: 0

Number of errors: 0

The following certificate was selected:
    Issued to: EliteSoftwareTech Company - Zachary Whiteman

    Issued by: EliteSoftwareTech Company - Zachary Whiteman

    Expires:   Thu Jun 05 03:08:20 2036

    SHA1 hash: 11F5E401A611434F4F159D26CD1878426320FF6B


Done Adding Additional Store

Number of files successfully Signed: 0

Number of warnings: 0

Number of errors: 1

The following certificate was selected:
    Issued to: EliteSoftwareTech Company - Zachary Whiteman

    Issued by: EliteSoftwareTech Company - Zachary Whiteman

    Expires:   Thu Jun 05 03:08:20 2036

    SHA1 hash: 11F5E401A611434F4F159D26CD1878426320FF6B


Done Adding Additional Store
Successfully signed: C:\Users\Administrator\Desktop\Elite-TaskBar\EliteSettings.cpl


Number of files successfully Signed: 1

Number of warnings: 0

Number of errors: 0

The following certificate was selected:
    Issued to: EliteSoftwareTech Company - Zachary Whiteman

    Issued by: EliteSoftwareTech Company - Zachary Whiteman

    Expires:   Thu Jun 05 03:08:20 2036

    SHA1 hash: 11F5E401A611434F4F159D26CD1878426320FF6B


Done Adding Additional Store
Successfully signed: C:\Users\Administrator\Desktop\Elite-TaskBar\EliteEverything.exe


Number of files successfully Signed: 1

Number of warnings: 0

Number of errors: 0

The following certificate was selected:
    Issued to: EliteSoftwareTech Company - Zachary Whiteman

    Issued by: EliteSoftwareTech Company - Zachary Whiteman

    Expires:   Thu Jun 05 03:08:20 2036

    SHA1 hash: 11F5E401A611434F4F159D26CD1878426320FF6B


Done Adding Additional Store
